
 Start  Stop   Length Name               Class

 00000H 002D9H 002DAH Avalot             CODE
 002E0H 012C9H 00FEAH Gyro               CODE
 012D0H 01912H 00643H Pingo              CODE
 01920H 043E0H 02AC1H Lucerna            CODE
 043F0H 08716H 04327H acci               CODE
 08720H 09074H 00955H helper             CODE
 09080H 094E8H 00469H Highs              CODE
 094F0H 0A568H 01079H Nimunit            CODE
 0A570H 0C7BBH 0224CH scrolls            CODE
 0C7C0H 0F851H 03092H trip5              CODE
 0F860H 1175DH 01EFEH dropdown           CODE
 11760H 12A51H 012F2H Enid               CODE
 12A60H 133AAH 0094BH Basher             CODE
 133B0H 134BEH 0010FH enhanced           CODE
 134C0H 16625H 03166H fileunit           CODE
 16630H 16630H 00000H tommys             CODE
 16630H 174FEH 00ECFH Timeout            CODE
 17500H 1763CH 0013DH Sequence           CODE
 17640H 17D7CH 0073DH Visa               CODE
 17D80H 18AC5H 00D46H Celer              CODE
 18AD0H 191ABH 006DCH incline            CODE
 191B0H 199F1H 00842H Logger             CODE
 19A00H 19D81H 00382H Closing            CODE
 19D90H 19F06H 00177H Sticks             CODE
 19F10H 1A161H 00252H Joystick           CODE
 1A170H 1A426H 002B7H Dos                CODE
 1A430H 1AA4EH 0061FH Crt                CODE
 1AA50H 1E193H 03744H Graph              CODE
 1E1A0H 2004DH 01EAEH System             CODE
 20050H 2E599H 0E54AH DATA               DATA
 2E5A0H 3259FH 04000H STACK              STACK
 325A0H 325A0H 00000H HEAP               HEAP

  Address         Publics by Value

 0000:0032       setup
 0000:01EF       @
 002E:0000       newpointer
 002E:0084       wait
 002E:0097       on
 002E:00EA       on_Virtual
 002E:010E       off
 002E:0145       off_Virtual
 002E:01A2       xycheck
 002E:01D3       hopto
 002E:0200       check
 002E:0264       note
 002E:0281       blip
 002E:02CA       strf
 002E:0413       shbox
 002E:0517       newgame
 002E:06CC       click
 002E:06EF       slowdown
 002E:0720       flagset
 002E:075B       force_numlock
 002E:0781       pennycheck
 002E:07CF       getname
 002E:0825       getnamechar
 002E:0875       get_thing
 002E:092F       get_thingchar
 002E:09B5       get_better
 002E:0B05       f5_does
 002E:0BFB       plot_vmc
 002E:0CC7       wipe_vmc
 002E:0D1C       setup_vmc
 002E:0D8E       clear_vmc
 002E:0E23       load_a_mouse
 002E:0F11       background
 002E:0F2A       hang_around_for_a_while
 002E:0F4F       mouse_near_text
 002E:0F7D       Super_Off
 002E:0FBD       Super_On
 012D:005E       bosskey
 012D:0147       copy03
 012D:01EC       copypage
 012D:027D       wobble
 012D:03DD       zonk
 012D:0562       winning_pic
 0192:00BE       callverb
 0192:00EC       draw_also_lines
 0192:074C       load
 0192:0A28       exitroom
 0192:0B76       enterroom
 0192:13C0       thinkabout
 0192:159F       load_digits
 0192:16A4       toolbar
 0192:17CF       showscore
 0192:18EB       points
 0192:196B       mouseway
 0192:1A13       inkey
 0192:1A8D       fxtoggle
 0192:1B42       objectlist
 0192:1CD0       checkclick
 0192:1F1B       mouse_init
 0192:1F37       mousepage
 0192:1F97       errorled
 0192:21BA       dusk
 0192:221E       dawn
 0192:2271       showrw
 0192:22E2       mblit
 0192:2367       blitfix
 0192:266B       clock
 0192:26FA       flip_page
 0192:2732       delavvy
 0192:278D       gameover
 0192:27FC       minor_redraw
 0192:2857       major_redraw
 0192:2925       bearing
 0192:29FF       flesh_colours
 0192:2A28       sprite_run
 0192:2A59       fix_flashers
 0192:2A7C       @
 043F:0B3D       clearwords
 043F:0BD9       parse
 043F:18F6       lookaround
 043F:1A98       opendoor
 043F:20A3       have_a_drink
 043F:32BD       do_that
 043F:4229       verbopt
 043F:4316       @
 0872:0860       boot_help
 0908:01F1       show_highs
 0908:030C       store_high
 0908:045A       @
 094F:0F00       play_Nim
 0A57:0000       state
 0A57:0C05       drawscroll
 0A57:11CA       bubble
 0A57:15D5       ask
 0A57:166E       resetscroll
 0A57:1690       natural
 0A57:16C9       lsd
 0A57:1A85       calldrivers
 0A57:202B       display
 0A57:21E7       musical_scroll
 0A57:223A       @
 0C7C:0000       loadtrip
 0C7C:01E0       catamove
 0C7C:084C       call_special
 0C7C:0C2A       open_the_door
 0C7C:0D28       newspeed
 0C7C:21E8       rwsp
 0C7C:22F1       apped
 0C7C:2379       getback
 0C7C:295D       trippancy_link
 0C7C:2A59       get_back_Loretta
 0C7C:2A8B       stopwalking
 0C7C:2AAA       tripkey
 0C7C:2BE9       readstick
 0C7C:2DB6       fliproom
 0C7C:2EB4       infield
 0C7C:2F0C       neardoor
 0C7C:2F97       new_game_for_trippancy
 0C7C:3085       @
 0F86:0011       find_what_you_can_do_with_it
 0F86:0F22       parsekey
 0F86:1C19       standard_bar
 0F86:1E32       menu_link
 1176:03A3       edna_save
 1176:0916       edna_load
 1176:0DD1       dir
 1176:0F16       avvy_background
 1176:1174       edna_reload
 1176:11AE       back_to_bootstrap
 1176:12D7       there_was_a_problem
 12A6:0000       plottext
 12A6:0261       cursor_on
 12A6:027E       cursor_off
 12A6:029B       get_demorec
 12A6:080B       keyboard_link
 12A6:0868       demo_ready
 12A6:08B2       filename_edit
 12A6:08E4       normal_edit
 12A6:090D       @
 133B:0095       readkeye
 133B:00CA       keypressede
 133B:00FD       @
 134C:3007       do_filer
 1663:0000       set_up_timer
 1663:0078       one_tick
 1663:02BF       lose_timer
 1663:0309       open_drawbridge
 1663:0344       Avaricius_talks
 1663:0382       Urinate
 1663:03C5       Toilet2
 1663:03E6       bang
 1663:043F       bang2
 1663:0455       stairs
 1663:0490       Cardiff_survey
 1663:04D5       Cardiff_return
 1663:04F0       Cwytalot_in_Herts
 1663:0507       get_tied_up
 1663:055C       get_tied_up2
 1663:058C       hang_around
 1663:05EA       hang_around2
 1663:06BD       after_the_shootemup
 1663:07D4       Jacques_wakes_up
 1663:0880       Naughty_Duke
 1663:08DE       Naughty_Duke2
 1663:0918       Naughty_Duke3
 1663:0939       jump
 1663:09F5       Crapulus_says_Splud_out
 1663:0A11       buydrinks
 1663:0A63       buywine
 1663:0AB9       callsguards
 1663:0AD5       greetsmonk
 1663:0AF1       fall_down_oubliette
 1663:0B53       meet_Avaroid
 1663:0BB5       rise_up_oubliette
 1663:0BF1       robin_hood_and_geida
 1663:0C4E       robin_hood_and_geida_TALK
 1663:0C9A       avalot_returns
 1663:0CEF       avvy_sit_down
 1663:0D56       ghost_room_phew
 1663:0D6C       Arkata_shouts
 1663:0DAE       winning
 1663:0DFD       Avalot_falls
 1663:0E31       Spludwick_goes_to_cauldron
 1663:0E68       Spludwick_leaves_cauldron
 1663:0E79       give_lute_to_Geida
 1663:0EB2       @
 1750:0000       then_show
 1750:0041       first_show
 1750:0068       then_flip
 1750:0089       start_to_close
 1750:00AF       start_to_open
 1750:00EA       call_sequencer
 1764:0095       dixi
 1764:046F       talkto
 17D8:0000       pics_link
 17D8:0604       load_chunks
 17D8:0810       forget_chunks
 17D8:09A9       show_one
 17D8:0BF0       show_one_at
 17D8:0D35       @
 18AD:062D       @
 191B:000D       log_setup
 191B:00D8       log_divider
 191B:01BE       log_command
 191B:02C8       log_scrollchar
 191B:037D       log_italic
 191B:03B3       log_roman
 191B:03E7       log_epsonroman
 191B:040B       log_scrollline
 191B:0421       log_scrollendline
 191B:04BB       log_bubbleline
 191B:05DE       log_newroom
 191B:06E2       log_aside
 191B:078D       log_score
 19A0:0230       end_of_program
 19A0:035B       @
 19D9:0037       joyway
 19D9:0111       joykeys
 19F1:0149       ReadJoyA
 19F1:016B       ReadJoyB
 19F1:018D       ButtonA1
 19F1:01AC       ButtonA2
 19F1:01CB       ButtonB1
 19F1:01EA       ButtonB2
 19F1:0209       @
 1A17:0000       GetDate
 1A17:0022       SetDate
 1A17:0036       GetTime
 1A17:005B       SetTime
 1A17:0072       DiskFree
 1A17:008B       DiskSize
 1A17:00A6       FindFirst
 1A17:00E4       FindNext
 1A17:0122       FExpand
 1A17:01EB       FSplit
 1A17:024F       MsDos
 1A17:025A       Intr
 1A43:000D       @
 1A43:0177       TextMode
 1A43:018C       Window
 1A43:01CC       ClrScr
 1A43:01E6       ClrEol
 1A43:01FA       InsLine
 1A43:01FF       DelLine
 1A43:021F       GotoXY
 1A43:024B       WhereX
 1A43:0257       WhereY
 1A43:0263       TextColor
 1A43:027D       TextBackground
 1A43:0295       LowVideo
 1A43:029B       HighVideo
 1A43:02A1       NormVideo
 1A43:02A8       Delay
 1A43:02D4       Sound
 1A43:0301       NoSound
 1A43:0308       KeyPressed
 1A43:031A       ReadKey
 1A43:033C       AssignCrt
 1AA5:035A       RegisterBGIdriver
 1AA5:050F       RegisterBGIfont
 1AA5:091B       GraphDefaults
 1AA5:09DB       InitGraph
 1AA5:0CB3       RestoreCrtMode
 1AA5:0CE0       CloseGraph
 1AA5:0D9B       ClearDevice
 1AA5:0DAE       SetViewPort
 1AA5:0E43       MoveTo
 1AA5:0E60       SetLineStyle
 1AA5:0E9A       Rectangle
 1AA5:0EE1       SetFillStyle
 1AA5:0F0C       SetFillPattern
 1AA5:0F9B       Arc
 1AA5:0FBC       PieSlice
 1AA5:0FDD       SetBkColor
 1AA5:1012       SetAllPalette
 1AA5:10B7       GetPalette
 1AA5:10D1       GetDefaultPalette
 1AA5:10F0       ImageSize
 1AA5:1124       PutImage
 1AA5:11D6       SetTextJustify
 1AA5:1218       SetTextStyle
 1AA5:1454       @
 1AA5:15C0       SetVisualPage
 1AA5:15DA       SetActivePage
 1AA5:15F7       SetWriteMode
 1AA5:179F       Line
 1AA5:17B9       DrawPoly
 1AA5:17D0       FillPoly
 1AA5:17E7       Bar
 1AA5:1801       Bar3D
 1AA5:1839       Ellipse
 1AA5:1860       FillEllipse
 1AA5:1894       Sector
 1AA5:18BB       GetArcCoords
 1AA5:18DB       SetColor
 1AA5:18F3       GetMaxColor
 1AA5:1903       GetPaletteSize
 1AA5:193C       GetMaxMode
 1AA5:1963       SetRGBPalette
 1AA5:19C8       FloodFill
 1AA5:1A32       OutTextXY
 1AA5:1ABB       TextWidth
 1AA5:1AEC       GetPixel
 1AA5:1B04       PutPixel
 1AA5:1B1B       GetImage
 2005:0002       howlong
 2005:0003       OnCanDoPageSwap
 2005:0004       mps
 2005:0268       lads
 2005:03BC       lasses
 2005:03F8       ladchar
 2005:0408       lasschar
 2005:040C       whereis
 2005:042A       catamap
 2005:052A       interrogation
 2005:052B       demo
 2005:052C       spludwick_order
 2005:0530       quasipeds
 2005:0580       keys
 2005:058C       notes
 2005:05A4       tune
 2005:085C       words
 2005:166E       ranks
 2005:176A       aboutscroll
 2005:23AC       OvrCodeList
 2005:23AE       OvrHeapSize
 2005:23B0       OvrDebugPtr
 2005:23B4       OvrHeapOrg
 2005:23B6       OvrHeapPtr
 2005:23B8       OvrHeapEnd
 2005:23BA       OvrLoadList
 2005:23BC       OvrDosHandle
 2005:23BE       OvrEmsHandle
 2005:23C0       HeapOrg
 2005:23C4       HeapPtr
 2005:23C8       HeapEnd
 2005:23CC       FreeList
 2005:23D0       FreeZero
 2005:23D4       HeapError
 2005:23D8       ExitProc
 2005:23DC       ExitCode
 2005:23DE       ErrorAddr
 2005:23E2       PrefixSeg
 2005:23E4       StackLimit
 2005:23E6       InOutRes
 2005:23E8       RandSeed
 2005:23EC       SelectorInc
 2005:23EE       Seg0040
 2005:23F0       SegA000
 2005:23F2       SegB000
 2005:23F4       SegB800
 2005:23F6       Test8086
 2005:23F7       Test8087
 2005:23F8       FileMode
 2005:23FC       current
 2005:244A       curpos
 2005:244B       cursoron
 2005:244C       last
 2005:249A       dna
 2005:2694       lines
 2005:2856       c
 2005:2858       r
 2005:286C       visible
 2005:286D       dropsOK
 2005:286E       screturn
 2005:286F       soundfx
 2005:2870       cheat
 2005:2872       mx
 2005:2874       my
 2005:2876       mpx
 2005:2878       mpy
 2005:287A       mrx
 2005:287C       mry
 2005:287E       mpress
 2005:287F       mrelease
 2005:2880       keystatus
 2005:2882       un
 2005:2954       unn
 2005:2956       mousetext
 2005:2A56       p
 2005:2A5A       weirdword
 2005:2A5B       to_do
 2005:2A5C       lmo
 2005:2A5D       mousemade
 2005:2A5E       scroll
 2005:2D5B       scrolln
 2005:2D5C       score
 2005:2D5D       whichwas
 2005:2D5E       thinks
 2005:2D5F       thinkthing
 2005:2D60       pptr
 2005:2D62       bptr
 2005:2D64       ppos
 2005:2D68       pozzes
 2005:2D98       anim
 2005:2D9A       copier
 2005:2D9E       talkx
 2005:2DA0       talky
 2005:2DA2       talkb
 2005:2DA3       talkf
 2005:2DA4       scrollbells
 2005:2DA5       ontoolbar
 2005:2DA6       seescroll
 2005:2DA8       objlist
 2005:2DB2       digit
 2005:2DDA       rwlite
 2005:2DFE       oldrw
 2005:2E00       lastscore
 2005:2E04       cmp
 2005:2E06       verbstr
 2005:2E12       also
 2005:2F0A       peds
 2005:2F56       magics
 2005:2F84       portals
 2005:2F9A       fields
 2005:308A       numfields
 2005:308C       flags
 2005:30A8       listen
 2005:31A8       oh
 2005:31AA       onh
 2005:31AC       om
 2005:31AE       h
 2005:31B0       m
 2005:31B2       s
 2005:31B4       s1
 2005:31B6       atkey
 2005:31BB       cp
 2005:31BC       ledstatus
 2005:31BD       defaultled
 2005:31BE       little
 2005:41BE       quote
 2005:41BF       alive
 2005:41C0       buffer
 2005:4990       bufsize
 2005:4992       oldjw
 2005:4993       ctrl
 2005:4994       underscroll
 2005:4996       ddmnow
 2005:4998       roomname
 2005:49C2       logfile
 2005:4AC2       logging
 2005:4AC3       log_epson
 2005:4AC4       cl_override
 2005:4AC6       subject
 2005:4ADB       subjnumber
 2005:4ADC       keyboardclick
 2005:4ADD       him
 2005:4ADE       her
 2005:4ADF       it
 2005:4AE0       roomtime
 2005:4AE4       after_the_scroll
 2005:4AE6       demo_rec
 2005:4AEA       demofile
 2005:4B6A       last_person
 2005:4B6B       doing_sprite_run
 2005:4B6C       vmc
 2005:4B88       filetoload
 2005:4C88       HoldTheDawn
 2005:4C8A       storage_SEG
 2005:4C8C       storage_OFS
 2005:4C8E       Skellern
 2005:4C90       reloaded
 2005:4C91       Super_Was_Virtual
 2005:4C92       Super_Was_Off
 2005:4C94       enid_Filename
 2005:4CE4       js
 2005:4CF2       cxmin
 2005:4CF4       cxmax
 2005:4CF6       cymin
 2005:4CF8       cymax
 2005:4CFA       use_joy_A
 2005:4D42       thats
 2005:4D4E       unknown
 2005:4D64       realwords
 2005:4E4B       verb
 2005:4E4C       person
 2005:4E4D       thing
 2005:4E4E       thing2
 2005:4E4F       polite
 2005:7330       tr
 2005:7862       getset
 2005:7980       aa
 2005:B800       mustexclaim
 2005:B802       saywhat
 2005:B804       ddm_o
 2005:C4A8       ddm_m
 2005:C57C       people
 2005:C586       atbios
 2005:C587       inchar
 2005:C588       extd
 2005:DAA8       times
 2005:DAD4       seq
 2005:DAE0       offsets
 2005:DB80       num_chunks
 2005:DB82       memos
 2005:DD3A       memory
 2005:E102       DosError
 2005:E104       CheckBreak
 2005:E105       CheckEOF
 2005:E106       DirectVideo
 2005:E107       CheckSnow
 2005:E108       LastMode
 2005:E10A       TextAttr
 2005:E10C       WindMin
 2005:E10E       WindMax
 2005:E118       GraphGetMemPtr
 2005:E11C       GraphFreeMemPtr
 2005:E2FC       Input
 2005:E3FC       Output
 2005:E4FC       SaveInt00
 2005:E500       SaveInt02
 2005:E504       SaveInt1B
 2005:E508       SaveInt21
 2005:E50C       SaveInt23
 2005:E510       SaveInt24
 2005:E514       SaveInt34
 2005:E518       SaveInt35
 2005:E51C       SaveInt36
 2005:E520       SaveInt37
 2005:E524       SaveInt38
 2005:E528       SaveInt39
 2005:E52C       SaveInt3A
 2005:E530       SaveInt3B
 2005:E534       SaveInt3C
 2005:E538       SaveInt3D
 2005:E53C       SaveInt3E
 2005:E540       SaveInt3F
 2005:E544       SaveInt75

Program entry point at 0000:01EF
